// Jest Snapshot v1, https://goo.gl/fbAQLP

exports[`Heading should render [snapshot] 1`] = `
.c0 {
  color: red;
}

<h1
  class="c0"
  data-desc="default description"
>
  Children
</h1>
`;
